CS251: . elkindi Sat Feb 3 14:34:17 EST 2018  Total:  140 of 140
CS251: . elkindi Sat Feb 3 14:37:44 EST 2018  Total:  10 of 10
CS251: . elkindi Sat Feb 3 14:37:50 EST 2018  Total:  8 of 8
CS251: . elkindi Sat Feb 3 14:39:37 EST 2018  Total:  8 of 8
CS251: . elkindi Sat Feb 3 14:41:21 EST 2018  Total:  10 of 10
CS251: . elkindi Sat Feb 3 14:42:17 EST 2018  Total:  80 of 80
CS251: . elkindi Sat Feb 3 14:42:25 EST 2018  Total:  100 of 100
CS251: . elkindi Sat Feb 3 14:58:29 EST 2018  Total:  0 of 88
CS251: . elkindi Sat Feb 3 14:59:29 EST 2018  Total:  10 of 10
CS251: . elkindi Sat Feb 3 14:59:34 EST 2018  Total:  80 of 88
CS251: . elkindi Sat Feb 3 14:59:50 EST 2018  Total:  80 of 88
CS251: . elkindi Sat Feb 3 15:00:57 EST 2018  Total:  88 of 88
CS251: . elkindi Sat Feb 3 15:02:53 EST 2018  Total:  112 of 112
CS251: . elkindi Sat Feb 3 15:05:14 EST 2018  Total:  80 of 80
CS251: . elkindi Sat Feb 3 15:05:33 EST 2018  Total:  100 of 100
CS251: . elkindi Sat Feb 3 15:12:14 EST 2018  Total:  2 of 10
CS251: . elkindi Sat Feb 3 15:15:46 EST 2018  Total:  0 of 10
CS251: . elkindi Sat Feb 3 15:16:11 EST 2018  Total:  10 of 10
CS251: . elkindi Sat Feb 3 15:17:42 EST 2018  Total:  0 of 10
CS251: . elkindi Sat Feb 3 15:18:05 EST 2018  Total:  0 of 10
CS251: . elkindi Sat Feb 3 15:20:07 EST 2018  Total:  0 of 10
CS251: . elkindi Sat Feb 3 15:25:12 EST 2018  Total:  0 of 10
CS251: . elkindi Sat Feb 3 15:31:16 EST 2018  Total:  0 of 10
CS251: . elkindi Sat Feb 3 15:32:21 EST 2018  Total:  0 of 10
CS251: . elkindi Sat Feb 3 15:33:13 EST 2018  Total:  0 of 10
CS251: . elkindi Sat Feb 3 15:33:59 EST 2018  Total:  0 of 10
CS251: . elkindi Sat Feb 3 15:43:43 EST 2018  Total:  0 of 10
CS251: . elkindi Sat Feb 3 15:43:48 EST 2018  Total:  0 of 10
CS251: . elkindi Sat Feb 3 15:45:15 EST 2018  Total:  0 of 80
CS251: . elkindi Sat Feb 3 15:48:47 EST 2018  Total:  0 of 10
CS251: . elkindi Sat Feb 3 15:48:49 EST 2018  Total:  0 of 10
CS251: . elkindi Sat Feb 3 15:48:52 EST 2018  Total:  0 of 80
CS251: . liu1589 Thu Feb 22 15:57:37 EST 2018  Total:  0 of 100
CS251: . liu1589 Thu Feb 22 16:24:27 EST 2018  Total:  10 of 10
CS251: . liu1589 Thu Feb 22 16:55:10 EST 2018  Total:  10 of 10
CS251: . liu1589 Thu Feb 22 16:55:20 EST 2018  Total:  10 of 10
CS251: . liu1589 Sun Feb 25 12:04:10 EST 2018  Total:  10 of 10
CS251: . liu1589 Sun Feb 25 12:08:50 EST 2018  Total:  10 of 10
CS251: . liu1589 Sun Feb 25 12:09:02 EST 2018  Total:  0 of 0
CS251: . liu1589 Sun Feb 25 12:09:15 EST 2018  Total:  10 of 10
CS251: . liu1589 Sun Feb 25 12:09:26 EST 2018  Total:  10 of 10
CS251: . liu1589 Sun Feb 25 12:47:10 EST 2018  Total:  20 of 100
CS251: . liu1589 Sun Feb 25 16:23:41 EST 2018  Total:  20 of 100
CS251: . liu1589 Sun Feb 25 17:48:42 EST 2018  Total:  20 of 100
CS251: . liu1589 Sun Feb 25 18:03:41 EST 2018  Total:  7 of 80
CS251: . liu1589 Sun Feb 25 18:49:26 EST 2018  Total:  14 of 80
CS251: . liu1589 Sun Feb 25 21:03:34 EST 2018  Total:  34 of 100
CS251: . liu1589 Sun Feb 25 21:25:39 EST 2018  Total:  0 of 80
CS251: . liu1589 Sun Feb 25 21:46:27 EST 2018  Total:  14 of 80
CS251: . liu1589 Sun Feb 25 22:12:32 EST 2018  Total:  14 of 80
CS251: . liu1589 Sun Feb 25 23:36:06 EST 2018  Total:  22 of 80
CS251: . liu1589 Mon Feb 26 00:36:41 EST 2018  Total:  14 of 80
CS251: . liu1589 Mon Feb 26 01:08:39 EST 2018  Total:  14 of 80
CS251: . liu1589 Mon Feb 26 01:26:41 EST 2018  Total:  14 of 80
CS251: . liu1589 Mon Feb 26 01:28:50 EST 2018  Total:  43 of 80
CS251: . liu1589 Mon Feb 26 01:40:48 EST 2018  Total:  43 of 80
CS251: . liu1589 Mon Feb 26 02:03:42 EST 2018  Total:  43 of 80
CS251: . liu1589 Mon Feb 26 02:05:53 EST 2018  Total:  63 of 100
CS251: . liu1589 Mon Feb 26 02:13:14 EST 2018  Total:  0 of 0
CS251: . liu1589 Mon Feb 26 02:27:29 EST 2018  Total:  55 of 100
CS251: . liu1589 Mon Feb 26 02:29:03 EST 2018  Total:  63 of 100
CS251: . liu1589 Mon Feb 26 09:36:00 EST 2018  Total:  43 of 80
CS251: . liu1589 Mon Feb 26 09:48:13 EST 2018  Total:  43 of 80
CS251: . liu1589 Mon Feb 26 11:55:20 EST 2018  Total:  92 of 100
CS251: . liu1589 Mon Feb 26 11:57:11 EST 2018  Total:  92 of 100
CS251: . liu1589 Mon Feb 26 22:30:42 EST 2018  Total:  92 of 100
CS251: . liu1589 Mon Mar 26 22:56:18 EDT 2018  Total:  88 of 100
CS251: . liu1589 Mon Mar 26 22:57:24 EDT 2018  Total:  88 of 100
CS251: . liu1589 Mon Mar 26 22:59:19 EDT 2018  Total:  86 of 100
CS251: . liu1589 Mon Mar 26 22:59:31 EDT 2018  Total:  4 of 10
CS251: . liu1589 Mon Mar 26 23:01:26 EDT 2018  Total:  0 of 0
CS251: . liu1589 Mon Mar 26 23:01:38 EDT 2018  Total:  0 of 0
CS251: . liu1589 Mon Mar 26 23:01:48 EDT 2018  Total:  0 of 0
CS251: . liu1589 Mon Mar 26 23:01:59 EDT 2018  Total:  4 of 10
CS251: . liu1589 Mon Mar 26 23:06:51 EDT 2018  Total:  6 of 10
CS251: . liu1589 Mon Mar 26 23:07:32 EDT 2018  Total:  8 of 10
CS251: . liu1589 Mon Mar 26 23:08:14 EDT 2018  Total:  92 of 100
CS251: . liu1589 Mon Mar 26 23:18:09 EDT 2018  Total:  92 of 100
CS251: . liu1589 Mon Mar 26 23:24:20 EDT 2018  Total:  92 of 100
CS251: . liu1589 Mon Mar 26 23:48:28 EDT 2018  Total:  92 of 100
CS251: . liu1589 Mon Mar 26 23:57:36 EDT 2018  Total:  92 of 100
