3 100 1
6 103 2
7 104 3
3 100 2
5 102 3
3 100 4
5 102 5
3 100 4
6 103 5
2 99 6
9 106 7
2 99 6
1 98 7
2 99 8
7 104 9
1 98 8
0 97 9
9 106 10
3 100 11
0 97 10
6 103 11
0 97 12
6 103 13
0 97 12
2 99 13
6 103 14
1 98 15
1 98 14
8 105 15
7 104 16
9 106 17
2 99 16
2 99 17
0 97 18
2 99 19
0 97 18
3 100 19
7 104 20
5 102 21
2 99 20
9 106 21
2 99 22
2 99 23
2 99 22
8 105 23
9 106 24
7 104 25
2 99 24
3 100 25
6 103 26
1 98 27
1 98 26
2 99 27
9 106 28
3 100 29
2 99 28
1 98 29
9 106 30
4 101 31
1 98 30
7 104 31
8 105 32
4 101 33
2 99 32
5 102 33
0 97 34
