CS251: . ye96 Sun Mar 18 23:12:06 EDT 2018  Total:  7 of 100
CS251: . liu1589 Sun Mar 18 23:49:10 EDT 2018  Total:  70 of 70
CS251: . liu1589 Mon Mar 19 00:01:46 EDT 2018  Total:  70 of 70
CS251: . liu1589 Mon Mar 19 00:11:52 EDT 2018  Total:  70 of 100
CS251: . liu1589 Mon Mar 19 19:00:42 EDT 2018  Total:  70 of 100
CS251: . liu1589 Mon Mar 19 19:08:07 EDT 2018  Total:  70 of 70
CS251: . liu1589 Sun Mar 25 23:47:57 EDT 2018  Total:  93 of 100
CS251: . liu1589 Sun Mar 25 23:53:03 EDT 2018  Total:  102 of 100
CS251: . liu1589 Tue Mar 27 00:02:54 EDT 2018  Total:  102 of 100
