https://www.cs.purdue.edu/academic-programs/courses/index.html 7
https://www.cs.purdue.edu/about/phds_by_year.html 6
https://www.cs.purdue.edu/people/faculty/index.html 4
