https://www.cs.purdue.edu/research/funding.html 64
https://www.cs.purdue.edu/sitemap.html 46
https://twitter.com/PurdueCS 34
https://www.cs.purdue.edu/people/awards/index.html 29
https://www.cs.purdue.edu/about/awards.html 27
https://www.cs.purdue.edu/diversity/index.html 26
https://www.science.purdue.edu/calendar.html 25
https://www.cs.purdue.edu/undergraduate/curriculum/data-science.html 23
https://www.science.purdue.edu/ 22
https://www.cs.purdue.edu/outreach/adventures-in-cs.html 18
https://www.cs.purdue.edu/people/faculty/index.html 18
https://www.cs.purdue.edu/news/index.html 16
http://guides.lib.purdue.edu/cs 14
https://www.cs.purdue.edu/corporate/recruiter-information/index.html 14
https://www.cs.purdue.edu/resources/lawson.html 14
https://www.cs.purdue.edu/ 13
https://www.cs.purdue.edu/future-students/index.html 13
https://www.cs.purdue.edu/index.html 13
https://www.cs.purdue.edu/undergraduate/index.html 13
https://www.cs.purdue.edu/news/articles/2018/cra-undergraduate-research.html 12
https://www.cs.purdue.edu/people/staff/index.html 12
https://www.cs.purdue.edu/alumni/index.html 11
https://www.cs.purdue.edu/news/articles/2017/Atallah-2017-Bement-Award.html 11
https://www.cs.purdue.edu/outreach/index.html 11
https://www.cs.purdue.edu/port.html 11
https://www.cs.purdue.edu/research/index.html 11
https://www.cs.purdue.edu/about/conte_lecture.html 10
https://www.cs.purdue.edu/about/welcome.html 10
https://www.cs.purdue.edu/academic-programs/courses/index.html 10
https://www.cs.purdue.edu/news/articles/2018/delaware-crii.html 10
https://www.cs.purdue.edu/busoffice/index.html 8
https://www.cs.purdue.edu/corporate/index.html 8
https://www.cs.purdue.edu/corporate/programs.html 8
https://www.cs.purdue.edu/corporate/students_and_employers.html 8
https://www.cs.purdue.edu/people/student_organizations.html 8
https://www.cs.purdue.edu/research/centers.html 8
https://www.cs.purdue.edu/research/seminars.html 8
https://www.cs.purdue.edu/resources/facilities/index.html 8
https://www.cs.purdue.edu/study_abroad/index.html 8
https://www.cs.purdue.edu/about/contact_us.html 7
https://www.cs.purdue.edu/about/phds.html 7
https://www.cs.purdue.edu/about/phds_by_year.html 7
https://www.cs.purdue.edu/academic-programs/courses/registration.html 7
https://www.cs.purdue.edu/academic-programs/index.html 7
https://www.cs.purdue.edu/alumni/distinguished-alumnus.html 7
https://www.cs.purdue.edu/alumni/keep-in-touch.html 7
https://www.cs.purdue.edu/alumni/past-distinguished-alumni.html 7
https://www.cs.purdue.edu/graduate/index.html 7
https://www.cs.purdue.edu/hiring/faculty2017.html 7
https://www.cs.purdue.edu/news/articles/2018/academia-as-a-career.html 7
https://www.cs.purdue.edu/people/graduate-students/index.html 7
https://www.cs.purdue.edu/resources/building_emergency_plan.html 7
https://www.cs.purdue.edu/resources/facilities/system-status.html 7
https://www.cs.purdue.edu/resources/haas.html 7
https://www.cs.purdue.edu/resources/index.html 7
https://www.cs.purdue.edu/resources/policies.html 7
https://www.cs.purdue.edu/about/annual_reports.html 6
https://www.cs.purdue.edu/about/index.html 6
https://www.cs.purdue.edu/about/strategic-plan.html 6
https://www.cs.purdue.edu/alumni/outstanding-alumni.html 6
https://www.cs.purdue.edu/alumni/past-outstanding-alumni.html 6
https://www.cs.purdue.edu/calendar/index.html 6
https://www.cs.purdue.edu/corporate/announcements/index.html 6
https://www.cs.purdue.edu/corporate/employment/index.html 6
https://www.cs.purdue.edu/corporate/events/index.html 6
https://www.cs.purdue.edu/corporate/internships/index.html 6
https://www.cs.purdue.edu/corporate/opportunity_update.html 6
https://www.cs.purdue.edu/corporate/partners/index.html 6
https://www.cs.purdue.edu/news/articles/2017/software-engineering-fall-2017.html 6
https://www.cs.purdue.edu/outreach/contact-us.html 6
https://www.cs.purdue.edu/people/index.html 6
https://www.cs.purdue.edu/people/printable_faculty_staff_directory.html 6
https://www.cco.purdue.edu/Students/Post-GradDataAndSurveys#WherePurdueStudentsGo 2
https://my.cs.purdue.edu/ 1
https://www.purdue.edu/purdue/about/colleges_schools.html 1
