https://en.wikipedia.org/wiki/List_of_Nintendo_products 705
https://en.wikipedia.org/wiki/Nintendo 681
https://en.wikipedia.org/wiki/Nintendo_3DS 646
https://en.wikipedia.org/wiki/Nintendo_Switch 565
https://en.wikipedia.org/wiki/List_of_Super_Famicom_games 504
https://en.wikipedia.org/wiki/Nintendo_Entertainment_System 420
https://en.wikipedia.org/wiki/Wii 360
https://en.wikipedia.org/wiki/Wii_U 333
https://en.wikipedia.org/wiki/Nintendo_DSi 329
https://en.wikipedia.org/wiki/Nintendo_64 325
https://en.wikipedia.org/wiki/Amiibo 315
https://en.wikipedia.org/wiki/SNES_Multitap 315
https://en.wikipedia.org/wiki/Super_Nintendo_Entertainment_System 315
https://en.wikipedia.org/wiki/Virtual_Console 303
https://en.wikipedia.org/wiki/Nintendo_DS 290
https://en.wikipedia.org/wiki/Video_game_console 214
https://en.wikipedia.org/wiki/New_Nintendo_3DS 198
https://en.wikipedia.org/wiki/Nintendo_GameCube 198
https://en.wikipedia.org/wiki/Seventh_generation_of_video_game_consoles 198
https://en.wikipedia.org/wiki/GameCube 197
https://en.wikipedia.org/wiki/Super_NES_Classic_Edition 195
https://en.wikipedia.org/wiki/Wii_Remote 194
https://en.wikipedia.org/wiki/PlayStation_3 183
https://en.wikipedia.org/wiki/Nintendo_2DS 178
https://en.wikipedia.org/wiki/PlayStation 177
https://en.wikipedia.org/wiki/Master_System 175
https://en.wikipedia.org/wiki/Eighth_generation_of_video_game_consoles 174
https://en.wikipedia.org/wiki/NES_Classic_Edition 172
https://en.wikipedia.org/wiki/Sega_Genesis 166
https://en.wikipedia.org/wiki/History_of_video_game_consoles_(fourth_generation) 161
https://en.wikipedia.org/wiki/Super_Mario_Kart 160
https://en.wikipedia.org/wiki/Virtual_Boy 155
https://en.wikipedia.org/wiki/Super_Game_Boy 151
https://en.wikipedia.org/wiki/Nintendo_64_Game_Pak 142
https://en.wikipedia.org/wiki/PlayStation_(console) 140
https://en.wikipedia.org/wiki/Game_Boy_line 136
https://en.wikipedia.org/wiki/Handheld_game_console 134
https://en.wikipedia.org/wiki/History_of_video_games 129
https://en.wikipedia.org/wiki/Super_Mario_World_2:_Yoshi%27s_Island 127
https://en.wikipedia.org/wiki/Game_Boy_Advance 126
https://en.wikipedia.org/wiki/Super_Nintendo_Entertainment_System_(Model_SNS-101) 125
https://en.wikipedia.org/wiki/Homebrew_(video_games) 121
https://en.wikipedia.org/wiki/Fifth_generation_of_video_game_consoles 112
https://en.wikipedia.org/wiki/History_of_video_game_consoles_(fifth_generation) 112
https://en.wikipedia.org/wiki/Pilotwings 110
https://en.wikipedia.org/wiki/Home_video_game_console 105
https://en.wikipedia.org/wiki/List_of_best-selling_Super_Nintendo_Entertainment_System_video_games 102
https://en.wikipedia.org/wiki/Game_Boy 100
https://en.wikipedia.org/wiki/PlayStation_4 99
https://en.wikipedia.org/wiki/GameCube_controller 98
https://en.wikipedia.org/wiki/Nintendo_64_controller 98
https://en.wikipedia.org/wiki/New_Nintendo_2DS_XL 97
https://en.wikipedia.org/wiki/Sega_Saturn 92
https://en.wikipedia.org/wiki/F-Zero_(video_game) 91
https://en.wikipedia.org/wiki/Star_Fox_(video_game) 90
https://en.wikipedia.org/wiki/Super_Nintendo_Entertainment_System_Game_Pak 90
https://en.wikipedia.org/wiki/Classic_Controller 89
https://en.wikipedia.org/wiki/History_of_video_game_consoles_(third_generation) 87
https://en.wikipedia.org/wiki/Third_generation_of_video_game_consoles 87
https://en.wikipedia.org/wiki/Game_Boy_Advance_SP 85
https://en.wikipedia.org/wiki/Sony 83
https://en.wikipedia.org/wiki/WaveBird_Wireless_Controller 83
https://en.wikipedia.org/wiki/Bandai 82
https://en.wikipedia.org/wiki/Sixth_generation_of_video_game_consoles 82
https://en.wikipedia.org/wiki/SNES_Mouse 81
https://en.wikipedia.org/wiki/Street_Fighter_II 80
https://en.wikipedia.org/wiki/List_of_best-selling_video_games 77
https://en.wikipedia.org/wiki/Donkey_Kong_Country 76
https://en.wikipedia.org/wiki/Family_Computer_Network_System 76
https://en.wikipedia.org/wiki/Atari_7800 75
https://en.wikipedia.org/wiki/Game_Boy_Color 75
https://en.wikipedia.org/wiki/Nintendo_optical_discs 75
https://en.wikipedia.org/wiki/PlayStation_2 75
https://en.wikipedia.org/wiki/Wii_MotionPlus 74
https://en.wikipedia.org/wiki/Konami 72
https://en.wikipedia.org/wiki/Sega 72
https://en.wikipedia.org/wiki/Joy-Con 71
https://en.wikipedia.org/wiki/Intellivision 70
https://en.wikipedia.org/wiki/Rare_(company) 70
https://en.wikipedia.org/wiki/Nintendo_Entertainment_System_Game_Pak 68
https://en.wikipedia.org/wiki/Neo_Geo_(system) 65
https://en.wikipedia.org/wiki/Star_Fox_2 63
https://en.wikipedia.org/wiki/List_of_handheld_game_consoles 62
https://en.wikipedia.org/wiki/Wii_U_GamePad 61
https://en.wikipedia.org/wiki/NES_Zapper 60
https://en.wikipedia.org/wiki/Dreamcast 58
https://en.wikipedia.org/wiki/Atari_2600 55
https://en.wikipedia.org/wiki/NES_Advantage 55
https://en.wikipedia.org/wiki/SimCity_(1989_video_game) 55
https://en.wikipedia.org/wiki/Xbox_One 52
https://en.wikipedia.org/wiki/Xbox_360 50
https://en.wikipedia.org/wiki/Star_Ocean_(video_game) 48
https://en.wikipedia.org/wiki/Wii_Balance_Board 48
https://en.wikipedia.org/wiki/Wii_Speak 48
https://en.wikipedia.org/wiki/List_of_home_video_game_consoles 47
https://en.wikipedia.org/wiki/Atari_Jaguar 46
https://en.wikipedia.org/wiki/Mario_Paint 45
https://en.wikipedia.org/wiki/Light_gun 44
https://en.wikipedia.org/wiki/Console_emulator 43
https://en.wikipedia.org/wiki/Video_game_console_emulator 43
https://en.wikipedia.org/wiki/Tales_of_Phantasia 40
https://en.wikipedia.org/wiki/Game_Boy_Advance_Video 39
https://en.wikipedia.org/wiki/Mode_7 38
https://en.wikipedia.org/wiki/Atari_Lynx 37
https://en.wikipedia.org/wiki/Mattel 37
https://en.wikipedia.org/wiki/Commodore_64_Games_System 36
https://en.wikipedia.org/wiki/Game_Boy_Printer 36
https://en.wikipedia.org/wiki/Online_console_gaming 35
https://en.wikipedia.org/wiki/Console_wars 34
https://en.wikipedia.org/wiki/Game_Genie 34
https://en.wikipedia.org/wiki/Pok%C3%A9mon_Pikachu 34
https://en.wikipedia.org/wiki/IGN 33
https://en.wikipedia.org/wiki/Reality_Coprocessor 33
https://en.wikipedia.org/wiki/SG-1000 32
https://en.wikipedia.org/wiki/Playdia 29
https://en.wikipedia.org/wiki/Capcom 28
https://en.wikipedia.org/wiki/Ultra_Games 28
https://en.wikipedia.org/wiki/Twin_Famicom 27
https://en.wikipedia.org/wiki/Mortal_Kombat_(1992_video_game) 25
https://en.wikipedia.org/wiki/Square_Enix 23
https://en.wikipedia.org/wiki/Commodore_CDTV 22
https://en.wikipedia.org/wiki/Higan_(emulator) 22
https://en.wikipedia.org/wiki/Kirby%27s_Dream_Land_3 22
https://en.wikipedia.org/wiki/Magnavox_Odyssey 21
https://en.wikipedia.org/wiki/BatterUP 19
https://en.wikipedia.org/wiki/Gradius_III 19
https://en.wikipedia.org/wiki/Second_generation_of_video_game_consoles 19
https://en.wikipedia.org/wiki/List_of_dedicated_consoles 18
https://en.wikipedia.org/wiki/Atari_XEGS 17
https://en.wikipedia.org/wiki/TurboExpress 17
https://en.wikipedia.org/wiki/Frogger 15
https://en.wikipedia.org/wiki/Game_Master_(console) 14
https://en.wikipedia.org/wiki/ZSNES 14
https://en.wikipedia.org/wiki/Enix 13
https://en.wikipedia.org/wiki/List_of_SNES_emulators 13
https://en.wikipedia.org/wiki/Commodore_International 12
https://en.wikipedia.org/wiki/Philips_Videopac_%2B_G7400 11
https://en.wikipedia.org/wiki/Dedicated_console 8
https://en.wikipedia.org/wiki/Snes9x 8
https://en.wikipedia.org/wiki/Square_(company) 8
https://en.wikipedia.org/wiki/Microconsole 5
