http://www.gnu.org/software/swbis/manual.html 13
https://www.gnu.org/software/acct/manual/accounting.html 13
https://www.gnu.org/software/gnupod/gnupod.html 9
http://www.gnu.org/software/libcdio/libcdio.html 4
https://www.gnu.org/ 3
https://www.gnu.org/software/userv/ 2
http://www.gnu.org/software/global/manual/global.html 1
http://www.gnu.org/software/gtypist/doc/ 1
http://www.gnu.org/software/src-highlite/source-highlight.html 1
https://www.gnu.org/manual/manual.en.html 1
https://www.gnu.org/manual/manual.html 1
https://www.gnu.org/software/autogen/ 1
https://www.gnu.org/software/clisp/ 1
https://www.gnu.org/software/clisp/impnotes/clisp.html 1
https://www.gnu.org/software/freeipmi/ 1
https://www.gnu.org/software/freeipmi/documentation.html 1
https://www.gnu.org/software/gnats/ 1
https://www.gnu.org/software/jel/ 1
https://www.gnu.org/software/libc/ 1
https://www.gnu.org/software/libextractor/ 1
https://www.gnu.org/software/osip/doc/html/ 1
https://www.gnu.org/software/pexec/pexec.1.html 1
https://www.gnu.org/software/src-highlite/ 1
